============================================
   Massive Integration Test: Phases 1-4     
============================================

[Step 1] Creating Dummy User...
         User ID: 5 | Initial Points: 0

[Step 2] Creating Dummy Product...
         Product ID: 21 | Price: £100 | Initial Stock: 10

[Step 3] Phase 1: Address Creation...
         => Success! Address created and linked to User 5.

[Step 4] Phase 3: Checkout and Earning Points...
         => Success! Order PS-69CA03B94D0F4 created.
         => Post-Order Points Wallet: 1000 (Expected: 1000)
         => Post-Order Stock Level: 9 (Expected: 9)

[Step 5] Phase 4: Product Review & Gamification Bonus...
         => Success! Review submitted.
         => Post-Review Points Wallet: 1050 (Expected: 1050)
         => Product Average Rating: 5.0 Stars

[Step 6] Phase 2 & 3: Order Cancellation -> Clawbacks & Stock Restoral...
         => Success! Order Cancelled.
         => Stock Level: 10 (Restored from 9 back to 10)
         => Final Points Wallet: 50 (Order points clawed back, Review points kept. Expected: 50)

============================================
  ALL TESTS PASSED: Integrations Verified!
============================================

